
> omahatreecare@1.0.0 build
> next build && npm run validate:sitemap

  ▲ Next.js 14.2.35

   Skipping linting
   Checking validity of types ...
